[Class(Main, Object, [], 
   [Method(factorial, [n : int32], int32, 

     [BinOp(*, If(
      BinOp(<, n, 2), 1, n), Call(self, factorial, 
        [BinOp(-, n, 1)]))]), 

    Method(main, [], int32, 
      [Call(self, print, ["Enter an integer greater-than or equal to 0: "]), 
       Let(n, int32, Call(self, inputInt32, []),
         If(BinOp(<, n, 0), 
           [Call(self, print, 
             ["Error: number must be greater-than or equal to 0.\x0a"]),
            UnOp(-, 1)], 
           [Call(
              Call(Call(self, print, ["The factorial of "]), printInt32, [n]), 
              print, [" is "]), 
            Call(Call(self, printInt32, [Call(self, factorial, [n])]), print, 
              ["\x0a"]), 
            0]))])])]



// V2
// --------------------------------------------------------

%right      ASSIGN                    // 9

%nonassoc   LET IN                    // Solving conflicts with LET IN : binary operators
                                      // should have higher precedence than declaring variables

%nonassoc   WHILE DO                  // Completely put arbitrarily, certainly wrong.

%nonassoc   IF
%nonassoc   THEN                      //? What does it mean to have highest precedence
%nonassoc   ELSE                      //? Should it be %precedence instead?


%left       AND                       // 8
%right      NOT                       // 7
%nonassoc   LOWER LOWER_EQUAL EQUAL   // 6
%left       PLUS MINUS                // 5
%left       TIMES DIVIDE              // 4
%right      ISNULL UMINUS             // 3 

%nonassoc   IF_EXPR

%right      POWER                     // 2
%left       DOT                       // 1




[Class(Main, Object, [], 

        [Method(factorial, [n : int32], int32, 

        [If(BinOp(<, n, 2), 1, 
          BinOp(*, n, Call(self, factorial, [BinOp(-, n, 1)])))]), 
        Method(main, [], int32, 
          [Call(self, print, ["Enter an integer greater-than or equal to 0: "]), 
           Let(n, int32, Call(self, inputInt32, []), 
           If(BinOp(<, n, 0), 
            [Call(self, print, ["Error: number must be greater-than or equal to 0.\x0a"]), UnOp(-, 1)], [Call(Call(Call(self, print, ["The factorial of "]), printInt32, [n]), print, [" is "]), Call(Call(self, printInt32, [Call(self, factorial, [n])]), print, ["\x0a"]), 0]))])])]